// Jest Snapshot v1, https://goo.gl/fbAQLP

exports[`actvity ScreenList renders correctly 1`] = `
<View
  style={
    Array [
      Object {
        "flex": 1,
        "justifyContent": "center",
      },
      Object {
        "flexDirection": "row",
        "justifyContent": "space-around",
        "padding": 10,
      },
    ]
  }
>
  <ActivityIndicator
    animating={true}
    color="#148774"
    hidesWhenStopped={true}
    size="large"
    style={
      Object {
        "alignItems": "center",
        "flex": 1,
        "height": 280,
        "justifyContent": "center",
      }
    }
  />
</View>
`;
